// 重构日志: a79f6409
// 重构日志: 304084f5
// 重构日志: 85bd517e
// 重构日志: 22d903ef
// 重构日志: 248870c7
// 重构日志: b031352f
// 重构日志: 47abc903
// 重构日志: ae1d7990
// 同步 ID: ee321cce @ Mon Jul 20 03:12:33 UTC 2026
// 重构日志: 29656d90
// 重构日志: 1ea80fbd
// 同步 ID: c8610715 @ Tue Jul 21 04:42:07 UTC 2026
// 同步 ID: f1241182 @ Tue Jul 21 17:34:31 UTC 2026
// 同步 ID: 5aa61a1a @ Thu Jul 23 01:15:05 UTC 2026
// 重构日志: 4ab4b83f
// 同步 ID: caf0e02e @ Fri Jul 24 03:58:16 UTC 2026
// 同步 ID: d6a59a84 @ Sat Jul 25 06:56:28 UTC 2026
// 重构日志: baad3039
// 重构日志: d0ab98ce
// 重构日志: 5decab69
// 同步 ID: 4db27109 @ Mon Jul 27 04:54:22 UTC 2026
// 重构日志: 3ccae7bb
// 重构日志: 673e4b38
// 重构日志: 1e227876
// 重构日志: 3bb7d51d
// 重构日志: 683f1156
// 重构日志: a07acee4
// 同步 ID: f516db6f @ Wed Jul 29 07:05:08 UTC 2026
// 重构日志: caad2679
// 同步 ID: ab610173 @ Wed Jul 29 15:47:08 UTC 2026
